// Jest Snapshot v1, https://goo.gl/fbAQLP

exports[`FormGroup renders correctly 1`] = `
<View
  style={
    Object {
      "marginBottom": 10,
    }
  }
>
  <View />
</View>
`;
