// Jest Snapshot v1, https://goo.gl/fbAQLP

exports[`<Checkbox /> renders correctly 1`] = `
<View
  style={
    Object {
      "flexBasis": "50%",
    }
  }
>
  <View
    accessible={true}
    focusable={false}
    onClick={[Function]}
    onResponderGrant={[Function]}
    onResponderMove={[Function]}
    onResponderRelease={[Function]}
    onResponderTerminate={[Function]}
    onResponderTerminationRequest={[Function]}
    onStartShouldSetResponder={[Function]}
    style={
      Object {
        "backgroundColor": "#fff",
        "borderColor": "#ededed",
        "borderRadius": 3,
        "borderWidth": 0,
        "margin": 5,
        "marginLeft": 10,
        "marginRight": 10,
        "opacity": 1,
        "padding": 0,
      }
    }
    testID="checkbox"
  >
    <View
      style={
        Object {
          "alignItems": "center",
          "flexDirection": "row",
        }
      }
    >
      <Text />
      <Text
        style={
          Object {
            "color": "#43484d",
            "fontWeight": "normal",
            "marginLeft": 10,
            "marginRight": 10,
            "textTransform": "capitalize",
          }
        }
        testID="checkboxTitle"
        theme={
          Object {
            "colors": Object {
              "disabled": "hsl(208, 8%, 90%)",
              "divider": "#bcbbc1",
              "error": "#ff190c",
              "grey0": "#393e42",
              "grey1": "#43484d",
              "grey2": "#5e6977",
              "grey3": "#86939e",
              "grey4": "#bdc6cf",
              "grey5": "#e1e8ee",
              "greyOutline": "#bbb",
              "platform": Object {
                "android": Object {
                  "error": "#f44336",
                  "primary": "#2196f3",
                  "secondary": "#9C27B0",
                  "success": "#4caf50",
                  "warning": "#ffeb3b",
                },
                "ios": Object {
                  "error": "#ff3b30",
                  "primary": "#007aff",
                  "secondary": "#5856d6",
                  "success": "#4cd964",
                  "warning": "#ffcc00",
                },
              },
              "primary": "#2089dc",
              "searchBg": "#303337",
              "secondary": "#8F0CE8",
              "success": "#52c41a",
              "warning": "#faad14",
            },
          }
        }
      >
        OK
      </Text>
    </View>
  </View>
</View>
`;

exports[`<Checkbox /> renders correctly when active 1`] = `
<View
  style={
    Object {
      "flexBasis": "50%",
    }
  }
>
  <View
    accessible={true}
    focusable={false}
    onClick={[Function]}
    onResponderGrant={[Function]}
    onResponderMove={[Function]}
    onResponderRelease={[Function]}
    onResponderTerminate={[Function]}
    onResponderTerminationRequest={[Function]}
    onStartShouldSetResponder={[Function]}
    style={
      Object {
        "backgroundColor": "#fff",
        "borderColor": "#ededed",
        "borderRadius": 3,
        "borderWidth": 0,
        "margin": 5,
        "marginLeft": 10,
        "marginRight": 10,
        "opacity": 1,
        "padding": 0,
      }
    }
    testID="checkbox"
  >
    <View
      style={
        Object {
          "alignItems": "center",
          "flexDirection": "row",
        }
      }
    >
      <Text
        allowFontScaling={false}
        style={
          Array [
            Object {
              "color": "#2a9e91",
              "fontSize": 24,
            },
            Object {
              "minWidth": 24,
            },
            Object {
              "fontFamily": "FontAwesome",
              "fontStyle": "normal",
              "fontWeight": "normal",
            },
            Object {},
          ]
        }
      >
        ÔÅÜ
      </Text>
      <Text
        style={
          Object {
            "color": "#43484d",
            "fontWeight": "normal",
            "marginLeft": 10,
            "marginRight": 10,
            "textTransform": "capitalize",
          }
        }
        testID="checkboxTitle"
        theme={
          Object {
            "colors": Object {
              "disabled": "hsl(208, 8%, 90%)",
              "divider": "#bcbbc1",
              "error": "#ff190c",
              "grey0": "#393e42",
              "grey1": "#43484d",
              "grey2": "#5e6977",
              "grey3": "#86939e",
              "grey4": "#bdc6cf",
              "grey5": "#e1e8ee",
              "greyOutline": "#bbb",
              "platform": Object {
                "android": Object {
                  "error": "#f44336",
                  "primary": "#2196f3",
                  "secondary": "#9C27B0",
                  "success": "#4caf50",
                  "warning": "#ffeb3b",
                },
                "ios": Object {
                  "error": "#ff3b30",
                  "primary": "#007aff",
                  "secondary": "#5856d6",
                  "success": "#4cd964",
                  "warning": "#ffcc00",
                },
              },
              "primary": "#2089dc",
              "searchBg": "#303337",
              "secondary": "#8F0CE8",
              "success": "#52c41a",
              "warning": "#faad14",
            },
          }
        }
      >
        OK
      </Text>
    </View>
  </View>
</View>
`;
