// Jest Snapshot v1, https://goo.gl/fbAQLP

exports[`<DrillAnimation /> renders correctly for a drill with a video from vimeo 1`] = `
<View
  style={
    Object {
      "flex": 1,
    }
  }
>
  <Text>
    No visual content for this drill
  </Text>
</View>
`;

exports[`<DrillAnimation /> renders correctly for a drill with animation 1`] = `
<View
  style={
    Object {
      "flex": 1,
    }
  }
>
  <Text>
    No visual content for this drill
  </Text>
</View>
`;

exports[`<DrillAnimation /> renders correctly for a drill with no video nor animation 1`] = `
<View
  style={
    Object {
      "flex": 1,
    }
  }
>
  <Text>
    No visual content for this drill
  </Text>
</View>
`;

exports[`<DrillAnimation /> renders correctly for a drill with video 1`] = `
<View
  style={
    Object {
      "flex": 1,
    }
  }
>
  <Text>
    No visual content for this drill
  </Text>
</View>
`;
