// Jest Snapshot v1, https://goo.gl/fbAQLP

exports[`<DrillEditorPage /> renders correctly 1`] = `
<View
  onLayout={[Function]}
  style={
    Array [
      Object {
        "backgroundColor": "#fff",
        "flex": 1,
        "padding": 10,
      },
      Object {
        "paddingBottom": 0,
      },
    ]
  }
>
  <RCTScrollView>
    <View>
      <View>
        <View
          style={
            Object {
              "marginBottom": 10,
            }
          }
        >
          <Text
            style={
              Object {
                "marginBottom": 5,
              }
            }
          >
            Author
          </Text>
          <View
            style={
              Array [
                Object {
                  "borderColor": "#e5e5e5",
                  "borderRadius": 5,
                  "borderWidth": 0.5,
                  "padding": 5,
                },
                undefined,
              ]
            }
          >
            <TextInput
              allowFontScaling={true}
              onBlur={[Function]}
              onChangeText={[Function]}
              onFocus={[Function]}
              rejectResponderTermination={true}
              underlineColorAndroid="transparent"
              value="Martin"
            />
          </View>
        </View>
        <View
          style={
            Object {
              "marginBottom": 10,
            }
          }
        >
          <Text
            style={
              Object {
                "marginBottom": 5,
              }
            }
          >
            Title
          </Text>
          <View
            style={
              Array [
                Object {
                  "borderColor": "#e5e5e5",
                  "borderRadius": 5,
                  "borderWidth": 0.5,
                  "padding": 5,
                },
                undefined,
              ]
            }
          >
            <TextInput
              allowFontScaling={true}
              onBlur={[Function]}
              onChangeText={[Function]}
              onFocus={[Function]}
              rejectResponderTermination={true}
              underlineColorAndroid="transparent"
              value="Mon drill"
            />
          </View>
        </View>
        <View
          style={
            Object {
              "marginBottom": 10,
            }
          }
        >
          <Text
            style={
              Object {
                "marginBottom": 5,
              }
            }
          >
            URL de l'image
          </Text>
          <View
            style={
              Array [
                Object {
                  "borderColor": "#e5e5e5",
                  "borderRadius": 5,
                  "borderWidth": 0.5,
                  "padding": 5,
                },
                undefined,
              ]
            }
          >
            <TextInput
              allowFontScaling={true}
              onBlur={[Function]}
              onChangeText={[Function]}
              onFocus={[Function]}
              rejectResponderTermination={true}
              underlineColorAndroid="transparent"
            />
          </View>
        </View>
        <View
          style={
            Object {
              "marginBottom": 10,
            }
          }
        >
          <Text
            style={
              Object {
                "marginBottom": 5,
              }
            }
          >
            Description
          </Text>
          <View
            style={
              Array [
                Object {
                  "borderColor": "#e5e5e5",
                  "borderRadius": 5,
                  "borderWidth": 0.5,
                  "padding": 5,
                },
                undefined,
              ]
            }
          >
            <TextInput
              allowFontScaling={true}
              onBlur={[Function]}
              onChangeText={[Function]}
              onFocus={[Function]}
              rejectResponderTermination={true}
              underlineColorAndroid="transparent"
              value="Ma super description"
            />
          </View>
        </View>
        <View
          style={
            Object {
              "marginBottom": 10,
            }
          }
        >
          <Text
            style={
              Object {
                "marginBottom": 5,
              }
            }
          >
            Minimal number of players
          </Text>
          <View
            style={
              Array [
                Object {
                  "borderColor": "#e5e5e5",
                  "borderRadius": 5,
                  "borderWidth": 0.5,
                  "padding": 5,
                },
                undefined,
              ]
            }
          >
            <TextInput
              allowFontScaling={true}
              keyboardType="number-pad"
              onBlur={[Function]}
              onChangeText={[Function]}
              onFocus={[Function]}
              rejectResponderTermination={true}
              underlineColorAndroid="transparent"
              value={8}
            />
          </View>
        </View>
        <View
          style={
            Object {
              "marginBottom": 10,
            }
          }
        >
          <Text
            style={
              Object {
                "marginBottom": 5,
              }
            }
          >
            Utilité en jeu
          </Text>
          <View
            style={
              Array [
                Object {
                  "borderColor": "#e5e5e5",
                  "borderRadius": 5,
                  "borderWidth": 0.5,
                  "padding": 5,
                },
                undefined,
              ]
            }
          >
            <TextInput
              allowFontScaling={true}
              onBlur={[Function]}
              onChangeText={[Function]}
              onFocus={[Function]}
              rejectResponderTermination={true}
              underlineColorAndroid="transparent"
              value="ça sert un peu"
            />
          </View>
        </View>
        <View
          style={
            Object {
              "marginBottom": 10,
            }
          }
        >
          <Text
            style={
              Object {
                "marginBottom": 5,
              }
            }
          >
            Equipment
          </Text>
          <View
            style={
              Array [
                Object {
                  "borderColor": "#e5e5e5",
                  "borderRadius": 5,
                  "borderWidth": 0.5,
                  "padding": 5,
                },
                undefined,
              ]
            }
          >
            <TextInput
              allowFontScaling={true}
              onBlur={[Function]}
              onChangeText={[Function]}
              onFocus={[Function]}
              rejectResponderTermination={true}
              underlineColorAndroid="transparent"
            />
          </View>
        </View>
        <View
          style={
            Object {
              "marginBottom": 10,
            }
          }
        >
          <Text
            style={
              Object {
                "marginBottom": 5,
              }
            }
          >
            Duration
          </Text>
          <View
            style={
              Array [
                Object {
                  "borderColor": "#e5e5e5",
                  "borderRadius": 5,
                  "borderWidth": 0.5,
                  "padding": 5,
                },
                undefined,
              ]
            }
          >
            <TextInput
              allowFontScaling={true}
              keyboardType="number-pad"
              onBlur={[Function]}
              onChangeText={[Function]}
              onFocus={[Function]}
              rejectResponderTermination={true}
              underlineColorAndroid="transparent"
            />
          </View>
        </View>
        <View>
          <View
            style={
              Object {
                "flexDirection": "row",
              }
            }
          >
            <Text
              style={
                Object {
                  "fontSize": 20,
                  "marginRight": 10,
                }
              }
            >
              Steps
            </Text>
            <View
              accessible={true}
              focusable={true}
              onClick={[Function]}
              onResponderGrant={[Function]}
              onResponderMove={[Function]}
              onResponderRelease={[Function]}
              onResponderTerminate={[Function]}
              onResponderTerminationRequest={[Function]}
              onStartShouldSetResponder={[Function]}
              style={
                Object {
                  "alignItems": "center",
                  "alignSelf": "center",
                  "backgroundColor": "#fff",
                  "borderColor": "#2a9e91",
                  "borderRadius": 5,
                  "borderWidth": 1,
                  "flexDirection": "row",
                  "height": 30,
                  "justifyContent": "center",
                  "opacity": 1,
                  "paddingHorizontal": 10,
                  "paddingVertical": 0,
                  "width": "auto",
                }
              }
              testID="button"
            >
              <Text
                style={
                  Object {
                    "color": "#2a9e91",
                    "fontSize": 16,
                    "fontWeight": "bold",
                  }
                }
              >
                +
              </Text>
            </View>
          </View>
          <View
            style={
              Object {
                "borderBottomColor": "#e5e5e5",
                "borderBottomWidth": 0.5,
                "marginBottom": 10,
                "marginLeft": 10,
                "paddingBottom": 10,
              }
            }
          >
            <Text>
              Step 
              1
            </Text>
            <View
              style={
                Object {
                  "marginBottom": 10,
                }
              }
            >
              <Text
                style={
                  Object {
                    "marginBottom": 5,
                  }
                }
              >
                Title
              </Text>
              <View
                style={
                  Array [
                    Object {
                      "borderColor": "#e5e5e5",
                      "borderRadius": 5,
                      "borderWidth": 0.5,
                      "padding": 5,
                    },
                    undefined,
                  ]
                }
              >
                <TextInput
                  allowFontScaling={true}
                  onBlur={[Function]}
                  onChangeText={[Function]}
                  onFocus={[Function]}
                  rejectResponderTermination={true}
                  underlineColorAndroid="transparent"
                  value=""
                />
              </View>
            </View>
            <View
              style={
                Object {
                  "marginBottom": 10,
                }
              }
            >
              <Text
                style={
                  Object {
                    "marginBottom": 5,
                  }
                }
              >
                Instructions
              </Text>
              <View
                style={
                  Array [
                    Object {
                      "borderColor": "#e5e5e5",
                      "borderRadius": 5,
                      "borderWidth": 0.5,
                      "padding": 5,
                    },
                    undefined,
                  ]
                }
              >
                <TextInput
                  allowFontScaling={true}
                  onBlur={[Function]}
                  onChangeText={[Function]}
                  onFocus={[Function]}
                  rejectResponderTermination={true}
                  underlineColorAndroid="transparent"
                  value=""
                />
              </View>
            </View>
            <View
              style={
                Object {
                  "marginBottom": 10,
                }
              }
            >
              <Text
                style={
                  Object {
                    "marginBottom": 5,
                  }
                }
              >
                Identifiant Vimeo
              </Text>
              <View
                style={
                  Array [
                    Object {
                      "borderColor": "#e5e5e5",
                      "borderRadius": 5,
                      "borderWidth": 0.5,
                      "padding": 5,
                    },
                    undefined,
                  ]
                }
              >
                <TextInput
                  allowFontScaling={true}
                  onBlur={[Function]}
                  onChangeText={[Function]}
                  onFocus={[Function]}
                  rejectResponderTermination={true}
                  underlineColorAndroid="transparent"
                />
              </View>
            </View>
            <View
              style={
                Object {
                  "marginBottom": 10,
                }
              }
            >
              <Text
                style={
                  Object {
                    "marginBottom": 5,
                  }
                }
              >
                URL Youtube
              </Text>
              <View
                style={
                  Array [
                    Object {
                      "borderColor": "#e5e5e5",
                      "borderRadius": 5,
                      "borderWidth": 0.5,
                      "padding": 5,
                    },
                    undefined,
                  ]
                }
              >
                <TextInput
                  allowFontScaling={true}
                  onBlur={[Function]}
                  onChangeText={[Function]}
                  onFocus={[Function]}
                  rejectResponderTermination={true}
                  underlineColorAndroid="transparent"
                />
              </View>
            </View>
            <View
              accessible={true}
              focusable={true}
              onClick={[Function]}
              onResponderGrant={[Function]}
              onResponderMove={[Function]}
              onResponderRelease={[Function]}
              onResponderTerminate={[Function]}
              onResponderTerminationRequest={[Function]}
              onStartShouldSetResponder={[Function]}
              style={
                Object {
                  "alignItems": "center",
                  "alignSelf": "flex-start",
                  "backgroundColor": "#fff",
                  "borderColor": "#2a9e91",
                  "borderRadius": 5,
                  "borderWidth": 1,
                  "flexDirection": "row",
                  "height": 30,
                  "justifyContent": "center",
                  "opacity": 1,
                  "paddingHorizontal": 10,
                  "paddingVertical": 0,
                  "width": "auto",
                }
              }
              testID="button"
            >
              <Text
                style={
                  Object {
                    "color": "#2a9e91",
                    "fontSize": 16,
                    "fontWeight": "bold",
                  }
                }
              >
                -
              </Text>
            </View>
          </View>
        </View>
        <View
          accessible={true}
          focusable={true}
          onClick={[Function]}
          onResponderGrant={[Function]}
          onResponderMove={[Function]}
          onResponderRelease={[Function]}
          onResponderTerminate={[Function]}
          onResponderTerminationRequest={[Function]}
          onStartShouldSetResponder={[Function]}
          style={
            Object {
              "alignItems": "center",
              "backgroundColor": "#2a9e91",
              "borderRadius": 5,
              "flexDirection": "row",
              "height": 40,
              "justifyContent": "center",
              "opacity": 1,
              "paddingHorizontal": 20,
              "paddingVertical": 10,
              "width": "80%",
            }
          }
          testID="button"
        >
          <Text
            style={
              Object {
                "color": "#fff",
                "fontSize": 16,
                "textAlign": "center",
              }
            }
          >
            Save
          </Text>
        </View>
      </View>
    </View>
  </RCTScrollView>
</View>
`;
