// Jest Snapshot v1, https://goo.gl/fbAQLP

exports[`<FitnessFilters /> renders correctly 1`] = `
<View
  style={
    Object {
      "backgroundColor": "#fff",
      "height": "100%",
    }
  }
>
  <Text
    style={
      Object {
        "color": "#A6A6A6",
        "marginBottom": 20,
        "paddingLeft": 20,
        "paddingTop": 10,
      }
    }
  >
    2
     drills available
  </Text>
  <RCTScrollView
    contentContainerStyle={
      Object {
        "paddingBottom": 50,
        "paddingHorizontal": 10,
      }
    }
  >
    <View>
      <Text
        style={
          Object {
            "fontWeight": "bold",
            "marginBottom": 10,
            "textTransform": "uppercase",
          }
        }
      >
        Level
      </Text>
      <View
        style={
          Object {
            "flexDirection": "row",
            "flexWrap": "wrap",
            "justifyContent": "space-between",
            "marginBottom": 20,
          }
        }
      >
        <View
          accessible={true}
          focusable={true}
          isTVSelectable={true}
          onClick={[Function]}
          onResponderGrant={[Function]}
          onResponderMove={[Function]}
          onResponderRelease={[Function]}
          onResponderTerminate={[Function]}
          onResponderTerminationRequest={[Function]}
          onStartShouldSetResponder={[Function]}
          style={
            Object {
              "backgroundColor": "#fff",
              "borderColor": "#e5e5e5",
              "borderWidth": 1,
              "flexBasis": "30%",
              "flexGrow": 1,
              "marginRight": 5,
              "opacity": 1,
              "paddingHorizontal": 20,
              "paddingVertical": 10,
            }
          }
        >
          <Text
            style={
              Object {
                "textAlign": "center",
                "textTransform": "capitalize",
              }
            }
          >
            Beginner
          </Text>
        </View>
        <View
          accessible={true}
          focusable={true}
          isTVSelectable={true}
          onClick={[Function]}
          onResponderGrant={[Function]}
          onResponderMove={[Function]}
          onResponderRelease={[Function]}
          onResponderTerminate={[Function]}
          onResponderTerminationRequest={[Function]}
          onStartShouldSetResponder={[Function]}
          style={
            Object {
              "backgroundColor": "#fff",
              "borderColor": "#e5e5e5",
              "borderWidth": 1,
              "flexBasis": "30%",
              "flexGrow": 1,
              "marginRight": 5,
              "opacity": 1,
              "paddingHorizontal": 20,
              "paddingVertical": 10,
            }
          }
        >
          <Text
            style={
              Object {
                "textAlign": "center",
                "textTransform": "capitalize",
              }
            }
          >
            Intermediate
          </Text>
        </View>
        <View
          accessible={true}
          focusable={true}
          isTVSelectable={true}
          onClick={[Function]}
          onResponderGrant={[Function]}
          onResponderMove={[Function]}
          onResponderRelease={[Function]}
          onResponderTerminate={[Function]}
          onResponderTerminationRequest={[Function]}
          onStartShouldSetResponder={[Function]}
          style={
            Object {
              "backgroundColor": "#fff",
              "borderColor": "#e5e5e5",
              "borderWidth": 1,
              "flexBasis": "30%",
              "flexGrow": 1,
              "marginRight": 5,
              "opacity": 1,
              "paddingHorizontal": 20,
              "paddingVertical": 10,
            }
          }
        >
          <Text
            style={
              Object {
                "textAlign": "center",
                "textTransform": "capitalize",
              }
            }
          >
            Advanced
          </Text>
        </View>
      </View>
      <Text
        style={
          Object {
            "fontWeight": "bold",
            "marginBottom": 10,
            "textTransform": "uppercase",
          }
        }
      >
        Intensity
      </Text>
      <View
        style={
          Object {
            "flexDirection": "row",
            "flexWrap": "wrap",
            "justifyContent": "space-between",
            "marginBottom": 20,
          }
        }
      >
        <View
          accessible={true}
          focusable={true}
          isTVSelectable={true}
          onClick={[Function]}
          onResponderGrant={[Function]}
          onResponderMove={[Function]}
          onResponderRelease={[Function]}
          onResponderTerminate={[Function]}
          onResponderTerminationRequest={[Function]}
          onStartShouldSetResponder={[Function]}
          style={
            Object {
              "backgroundColor": "#fff",
              "borderColor": "#e5e5e5",
              "borderWidth": 1,
              "flexBasis": "30%",
              "flexGrow": 1,
              "marginRight": 5,
              "opacity": 1,
              "paddingHorizontal": 20,
              "paddingVertical": 10,
            }
          }
        >
          <Text
            style={
              Object {
                "textAlign": "center",
                "textTransform": "capitalize",
              }
            }
          >
            Low
          </Text>
        </View>
        <View
          accessible={true}
          focusable={true}
          isTVSelectable={true}
          onClick={[Function]}
          onResponderGrant={[Function]}
          onResponderMove={[Function]}
          onResponderRelease={[Function]}
          onResponderTerminate={[Function]}
          onResponderTerminationRequest={[Function]}
          onStartShouldSetResponder={[Function]}
          style={
            Object {
              "backgroundColor": "#fff",
              "borderColor": "#e5e5e5",
              "borderWidth": 1,
              "flexBasis": "30%",
              "flexGrow": 1,
              "marginRight": 5,
              "opacity": 1,
              "paddingHorizontal": 20,
              "paddingVertical": 10,
            }
          }
        >
          <Text
            style={
              Object {
                "textAlign": "center",
                "textTransform": "capitalize",
              }
            }
          >
            Moderate
          </Text>
        </View>
        <View
          accessible={true}
          focusable={true}
          isTVSelectable={true}
          onClick={[Function]}
          onResponderGrant={[Function]}
          onResponderMove={[Function]}
          onResponderRelease={[Function]}
          onResponderTerminate={[Function]}
          onResponderTerminationRequest={[Function]}
          onStartShouldSetResponder={[Function]}
          style={
            Object {
              "backgroundColor": "#fff",
              "borderColor": "#e5e5e5",
              "borderWidth": 1,
              "flexBasis": "30%",
              "flexGrow": 1,
              "marginRight": 5,
              "opacity": 1,
              "paddingHorizontal": 20,
              "paddingVertical": 10,
            }
          }
        >
          <Text
            style={
              Object {
                "textAlign": "center",
                "textTransform": "capitalize",
              }
            }
          >
            High
          </Text>
        </View>
      </View>
      <Text
        style={
          Object {
            "fontWeight": "bold",
            "marginBottom": 10,
            "textTransform": "uppercase",
          }
        }
      >
        Equipment
      </Text>
      <View
        style={
          Object {
            "flexDirection": "row",
            "flexWrap": "wrap",
            "justifyContent": "space-between",
            "marginBottom": 20,
          }
        }
      >
        <View
          accessible={true}
          focusable={true}
          isTVSelectable={true}
          onClick={[Function]}
          onResponderGrant={[Function]}
          onResponderMove={[Function]}
          onResponderRelease={[Function]}
          onResponderTerminate={[Function]}
          onResponderTerminationRequest={[Function]}
          onStartShouldSetResponder={[Function]}
          style={
            Object {
              "backgroundColor": "#fff",
              "borderColor": "#e5e5e5",
              "borderWidth": 1,
              "flexBasis": "30%",
              "flexGrow": 1,
              "marginRight": 5,
              "opacity": 1,
              "paddingHorizontal": 20,
              "paddingVertical": 10,
            }
          }
        >
          <Text
            style={
              Object {
                "textAlign": "center",
                "textTransform": "capitalize",
              }
            }
          >
            None
          </Text>
        </View>
        <View
          accessible={true}
          focusable={true}
          isTVSelectable={true}
          onClick={[Function]}
          onResponderGrant={[Function]}
          onResponderMove={[Function]}
          onResponderRelease={[Function]}
          onResponderTerminate={[Function]}
          onResponderTerminationRequest={[Function]}
          onStartShouldSetResponder={[Function]}
          style={
            Object {
              "backgroundColor": "#fff",
              "borderColor": "#e5e5e5",
              "borderWidth": 1,
              "flexBasis": "30%",
              "flexGrow": 1,
              "marginRight": 5,
              "opacity": 1,
              "paddingHorizontal": 20,
              "paddingVertical": 10,
            }
          }
        >
          <Text
            style={
              Object {
                "textAlign": "center",
                "textTransform": "capitalize",
              }
            }
          >
            Basic
          </Text>
        </View>
        <View
          accessible={true}
          focusable={true}
          isTVSelectable={true}
          onClick={[Function]}
          onResponderGrant={[Function]}
          onResponderMove={[Function]}
          onResponderRelease={[Function]}
          onResponderTerminate={[Function]}
          onResponderTerminationRequest={[Function]}
          onStartShouldSetResponder={[Function]}
          style={
            Object {
              "backgroundColor": "#fff",
              "borderColor": "#e5e5e5",
              "borderWidth": 1,
              "flexBasis": "30%",
              "flexGrow": 1,
              "marginRight": 5,
              "opacity": 1,
              "paddingHorizontal": 20,
              "paddingVertical": 10,
            }
          }
        >
          <Text
            style={
              Object {
                "textAlign": "center",
                "textTransform": "capitalize",
              }
            }
          >
            Full
          </Text>
        </View>
      </View>
      <Text
        style={
          Object {
            "fontWeight": "bold",
            "marginBottom": 10,
            "textTransform": "uppercase",
          }
        }
      >
        Season Timing
      </Text>
      <View
        style={
          Object {
            "flexDirection": "row",
            "flexWrap": "wrap",
            "justifyContent": "space-between",
            "marginBottom": 20,
          }
        }
      >
        <View
          accessible={true}
          focusable={true}
          isTVSelectable={true}
          onClick={[Function]}
          onResponderGrant={[Function]}
          onResponderMove={[Function]}
          onResponderRelease={[Function]}
          onResponderTerminate={[Function]}
          onResponderTerminationRequest={[Function]}
          onStartShouldSetResponder={[Function]}
          style={
            Object {
              "backgroundColor": "#fff",
              "borderColor": "#e5e5e5",
              "borderWidth": 1,
              "flexBasis": "30%",
              "flexGrow": 1,
              "marginRight": 5,
              "opacity": 1,
              "paddingHorizontal": 20,
              "paddingVertical": 10,
            }
          }
        >
          <Text
            style={
              Object {
                "textAlign": "center",
                "textTransform": "capitalize",
              }
            }
          >
            Off-season
          </Text>
        </View>
        <View
          accessible={true}
          focusable={true}
          isTVSelectable={true}
          onClick={[Function]}
          onResponderGrant={[Function]}
          onResponderMove={[Function]}
          onResponderRelease={[Function]}
          onResponderTerminate={[Function]}
          onResponderTerminationRequest={[Function]}
          onStartShouldSetResponder={[Function]}
          style={
            Object {
              "backgroundColor": "#fff",
              "borderColor": "#e5e5e5",
              "borderWidth": 1,
              "flexBasis": "30%",
              "flexGrow": 1,
              "marginRight": 5,
              "opacity": 1,
              "paddingHorizontal": 20,
              "paddingVertical": 10,
            }
          }
        >
          <Text
            style={
              Object {
                "textAlign": "center",
                "textTransform": "capitalize",
              }
            }
          >
            Pre-season
          </Text>
        </View>
        <View
          accessible={true}
          focusable={true}
          isTVSelectable={true}
          onClick={[Function]}
          onResponderGrant={[Function]}
          onResponderMove={[Function]}
          onResponderRelease={[Function]}
          onResponderTerminate={[Function]}
          onResponderTerminationRequest={[Function]}
          onStartShouldSetResponder={[Function]}
          style={
            Object {
              "backgroundColor": "#fff",
              "borderColor": "#e5e5e5",
              "borderWidth": 1,
              "flexBasis": "30%",
              "flexGrow": 1,
              "marginRight": 5,
              "opacity": 1,
              "paddingHorizontal": 20,
              "paddingVertical": 10,
            }
          }
        >
          <Text
            style={
              Object {
                "textAlign": "center",
                "textTransform": "capitalize",
              }
            }
          >
            In-season
          </Text>
        </View>
        <View
          accessible={true}
          focusable={true}
          isTVSelectable={true}
          onClick={[Function]}
          onResponderGrant={[Function]}
          onResponderMove={[Function]}
          onResponderRelease={[Function]}
          onResponderTerminate={[Function]}
          onResponderTerminationRequest={[Function]}
          onStartShouldSetResponder={[Function]}
          style={
            Object {
              "backgroundColor": "#fff",
              "borderColor": "#e5e5e5",
              "borderWidth": 1,
              "flexBasis": "30%",
              "flexGrow": 1,
              "marginRight": 5,
              "opacity": 1,
              "paddingHorizontal": 20,
              "paddingVertical": 10,
            }
          }
        >
          <Text
            style={
              Object {
                "textAlign": "center",
                "textTransform": "capitalize",
              }
            }
          >
            Anytime
          </Text>
        </View>
      </View>
      <Text
        style={
          Object {
            "fontWeight": "bold",
            "marginBottom": 10,
            "textTransform": "uppercase",
          }
        }
      >
        Goals
      </Text>
      <View
        style={
          Object {
            "flexDirection": "row",
            "flexWrap": "wrap",
            "justifyContent": "space-between",
            "marginBottom": 20,
          }
        }
      >
        <View
          style={
            Object {
              "flexBasis": "50%",
            }
          }
        >
          <View
            accessible={true}
            focusable={true}
            isTVSelectable={true}
            onClick={[Function]}
            onResponderGrant={[Function]}
            onResponderMove={[Function]}
            onResponderRelease={[Function]}
            onResponderTerminate={[Function]}
            onResponderTerminationRequest={[Function]}
            onStartShouldSetResponder={[Function]}
            style={
              Object {
                "backgroundColor": "#fff",
                "borderColor": "#ededed",
                "borderRadius": 3,
                "borderWidth": 0,
                "margin": 0,
                "marginLeft": 10,
                "marginRight": 5,
                "opacity": 1,
                "padding": 0,
              }
            }
            testID="checkbox"
          >
            <View
              style={
                Object {
                  "alignItems": "center",
                  "borderWidth": 0,
                  "flexDirection": "row",
                  "margin": 0,
                  "padding": 0,
                }
              }
            >
              <Text />
              <Text
                style={
                  Object {
                    "color": "#43484d",
                    "fontWeight": "bold",
                    "marginLeft": 10,
                    "marginRight": 10,
                    "textTransform": "capitalize",
                  }
                }
                testID="checkboxTitle"
                theme={
                  Object {
                    "colors": Object {
                      "disabled": "hsl(208, 8%, 90%)",
                      "divider": "#bcbbc1",
                      "error": "#ff190c",
                      "grey0": "#393e42",
                      "grey1": "#43484d",
                      "grey2": "#5e6977",
                      "grey3": "#86939e",
                      "grey4": "#bdc6cf",
                      "grey5": "#e1e8ee",
                      "greyOutline": "#bbb",
                      "platform": Object {
                        "android": Object {
                          "error": "#f44336",
                          "primary": "#2196f3",
                          "secondary": "#9C27B0",
                          "success": "#4caf50",
                          "warning": "#ffeb3b",
                        },
                        "ios": Object {
                          "error": "#ff3b30",
                          "primary": "#007aff",
                          "secondary": "#5856d6",
                          "success": "#4cd964",
                          "warning": "#ffcc00",
                        },
                      },
                      "primary": "#2089dc",
                      "searchBg": "#303337",
                      "secondary": "#8F0CE8",
                      "success": "#52c41a",
                      "warning": "#faad14",
                    },
                  }
                }
              >
                Full body
              </Text>
            </View>
          </View>
        </View>
      </View>
      <Text
        style={
          Object {
            "fontWeight": "bold",
            "marginBottom": 10,
            "textTransform": "uppercase",
          }
        }
      >
        Duration: 
        -
         mins
      </Text>
      <RCTSlider
        disabled={false}
        enabled={true}
        maximumValue={60}
        minimumValue={10}
        onChange={[Function]}
        onResponderTerminationRequest={[Function]}
        onSlidingComplete={null}
        onStartShouldSetResponder={[Function]}
        onValueChange={[Function]}
        step={1}
        style={
          Array [
            Object {
              "height": 40,
            },
            Object {
              "marginBottom": 30,
              "marginTop": 10,
              "width": "90%",
            },
          ]
        }
        testID="durationSlider"
        value={0}
      />
    </View>
  </RCTScrollView>
</View>
`;
