// Jest Snapshot v1, https://goo.gl/fbAQLP

exports[`<ProgramPage /> renders correctly 1`] = `
<View
  style={
    Object {
      "backgroundColor": "#fff",
      "height": "100%",
      "padding": 20,
    }
  }
/>
`;
