// Jest Snapshot v1, https://goo.gl/fbAQLP

exports[`<TrainingBravoPage /> renders correctly 1`] = `
<View
  style={
    Object {
      "backgroundColor": "#fff",
      "flex": 1,
      "width": "100%",
    }
  }
>
  <View
    style={
      Object {
        "alignItems": "center",
        "marginBottom": 20,
        "padding": 20,
      }
    }
  >
    <Text
      style={
        Object {
          "fontSize": 20,
          "fontWeight": "500",
          "marginBottom": 20,
          "paddingHorizontal": 20,
        }
      }
    >
      Beginner
       - session 
      1
      /
      2
    </Text>
    <Text>
      Well done! You've just finished the training!
    </Text>
  </View>
  <Text
    style={
      Object {
        "fontSize": 20,
        "fontWeight": "500",
        "marginBottom": 20,
        "paddingHorizontal": 20,
      }
    }
  >
    Recap
  </Text>
  <Text
    style={
      Object {
        "fontSize": 16,
        "paddingHorizontal": 20,
      }
    }
  >
    You worked on:
  </Text>
  <Text
    style={
      Object {
        "fontSize": 14,
        "paddingHorizontal": 20,
      }
    }
  >
    - 
    Legs
  </Text>
  <Text
    style={
      Object {
        "fontSize": 14,
        "paddingHorizontal": 20,
      }
    }
  >
    - 
    Defense
  </Text>
  <View
    style={
      Object {
        "alignItems": "center",
        "bottom": 20,
        "flex": 1,
        "position": "absolute",
        "width": "100%",
      }
    }
  >
    <Text
      style={
        Object {
          "fontSize": 16,
          "marginBottom": 20,
        }
      }
    >
      Get ready for the next training
    </Text>
    <View
      accessible={true}
      focusable={true}
      isTVSelectable={true}
      onClick={[Function]}
      onResponderGrant={[Function]}
      onResponderMove={[Function]}
      onResponderRelease={[Function]}
      onResponderTerminate={[Function]}
      onResponderTerminationRequest={[Function]}
      onStartShouldSetResponder={[Function]}
      style={
        Object {
          "alignItems": "center",
          "backgroundColor": "#232b2b",
          "borderRadius": 5,
          "height": 40,
          "justifyContent": "center",
          "opacity": 1,
          "padding": 10,
          "width": "80%",
        }
      }
      testID="button"
    >
      <Text
        style={
          Object {
            "color": "#fff",
            "fontSize": 16,
            "textAlign": "center",
          }
        }
      >
        Finish Training!
      </Text>
    </View>
  </View>
</View>
`;
