// Jest Snapshot v1, https://goo.gl/fbAQLP

exports[`<Animation /> renders correctly 1`] = `
<View>
  <View
    onLayout={[Function]}
    style={
      Object {
        "height": 100,
        "width": 100,
      }
    }
  >
    <View
      style={
        Object {
          "height": 100,
          "width": 100,
        }
      }
    >
      <View
        style={
          Array [
            Object {
              "backgroundColor": "#232b2b",
              "borderWidth": 1,
              "position": "absolute",
            },
            Object {
              "height": 85,
              "left": 95,
              "top": 5,
              "width": 0.425,
            },
          ]
        }
      />
      <View
        style={
          Array [
            Object {
              "backgroundColor": "#232b2b",
              "borderWidth": 1,
              "position": "absolute",
            },
            Object {
              "height": 85,
              "left": 5,
              "top": 5,
              "width": 0.425,
            },
          ]
        }
      />
      <View
        style={
          Array [
            Object {
              "backgroundColor": "#232b2b",
              "borderWidth": 1,
              "position": "absolute",
            },
            Object {
              "height": 0.425,
              "left": 5,
              "top": 5,
              "width": 90,
            },
          ]
        }
      />
      <View
        style={
          Array [
            Object {
              "backgroundColor": "#232b2b",
              "borderWidth": 1,
              "position": "absolute",
            },
            Object {
              "height": 0.425,
              "left": 5,
              "top": 39,
              "width": 90,
            },
          ]
        }
      />
      <Text />
    </View>
    <View
      onMoveShouldSetResponder={[Function]}
      onMoveShouldSetResponderCapture={[Function]}
      onResponderEnd={[Function]}
      onResponderGrant={[Function]}
      onResponderMove={[Function]}
      onResponderReject={[Function]}
      onResponderRelease={[Function]}
      onResponderStart={[Function]}
      onResponderTerminate={[Function]}
      onResponderTerminationRequest={[Function]}
      onStartShouldSetResponder={[Function]}
      onStartShouldSetResponderCapture={[Function]}
      style={
        Object {
          "alignItems": "center",
          "backgroundColor": "transparent",
          "borderBottomColor": "#feae19",
          "borderBottomWidth": 4.166666666666667,
          "borderColor": "transparent",
          "borderLeftWidth": 2.0833333333333335,
          "borderRightWidth": 2.0833333333333335,
          "borderStyle": "solid",
          "justifyContent": "center",
          "left": 0,
          "position": "absolute",
          "textAlign": "center",
          "textAlignVertical": "center",
          "top": 0,
          "transform": Array [
            Object {
              "translateX": 28.958333333333332,
            },
            Object {
              "translateY": 28.958333333333332,
            },
          ],
        }
      }
    >
      <Text
        style={
          Object {
            "height": 0,
            "width": 0,
          }
        }
      >
        
      </Text>
    </View>
    <View
      onMoveShouldSetResponder={[Function]}
      onMoveShouldSetResponderCapture={[Function]}
      onResponderEnd={[Function]}
      onResponderGrant={[Function]}
      onResponderMove={[Function]}
      onResponderReject={[Function]}
      onResponderRelease={[Function]}
      onResponderStart={[Function]}
      onResponderTerminate={[Function]}
      onResponderTerminationRequest={[Function]}
      onStartShouldSetResponder={[Function]}
      onStartShouldSetResponderCapture={[Function]}
      style={
        Object {
          "alignItems": "center",
          "backgroundColor": "transparent",
          "borderBottomColor": "#feae19",
          "borderBottomWidth": 4.166666666666667,
          "borderColor": "transparent",
          "borderLeftWidth": 2.0833333333333335,
          "borderRightWidth": 2.0833333333333335,
          "borderStyle": "solid",
          "justifyContent": "center",
          "left": 0,
          "position": "absolute",
          "textAlign": "center",
          "textAlignVertical": "center",
          "top": 0,
          "transform": Array [
            Object {
              "translateX": 28.958333333333332,
            },
            Object {
              "translateY": 58.958333333333336,
            },
          ],
        }
      }
    >
      <Text
        style={
          Object {
            "height": 0,
            "width": 0,
          }
        }
      >
        
      </Text>
    </View>
    <View
      onMoveShouldSetResponder={[Function]}
      onMoveShouldSetResponderCapture={[Function]}
      onResponderEnd={[Function]}
      onResponderGrant={[Function]}
      onResponderMove={[Function]}
      onResponderReject={[Function]}
      onResponderRelease={[Function]}
      onResponderStart={[Function]}
      onResponderTerminate={[Function]}
      onResponderTerminationRequest={[Function]}
      onStartShouldSetResponder={[Function]}
      onStartShouldSetResponderCapture={[Function]}
      style={
        Object {
          "alignItems": "center",
          "backgroundColor": "transparent",
          "borderBottomColor": "#feae19",
          "borderBottomWidth": 4.166666666666667,
          "borderColor": "transparent",
          "borderLeftWidth": 2.0833333333333335,
          "borderRightWidth": 2.0833333333333335,
          "borderStyle": "solid",
          "justifyContent": "center",
          "left": 0,
          "position": "absolute",
          "textAlign": "center",
          "textAlignVertical": "center",
          "top": 0,
          "transform": Array [
            Object {
              "translateX": 58.958333333333336,
            },
            Object {
              "translateY": 28.958333333333332,
            },
          ],
        }
      }
    >
      <Text
        style={
          Object {
            "height": 0,
            "width": 0,
          }
        }
      >
        
      </Text>
    </View>
    <View
      onMoveShouldSetResponder={[Function]}
      onMoveShouldSetResponderCapture={[Function]}
      onResponderEnd={[Function]}
      onResponderGrant={[Function]}
      onResponderMove={[Function]}
      onResponderReject={[Function]}
      onResponderRelease={[Function]}
      onResponderStart={[Function]}
      onResponderTerminate={[Function]}
      onResponderTerminationRequest={[Function]}
      onStartShouldSetResponder={[Function]}
      onStartShouldSetResponderCapture={[Function]}
      style={
        Object {
          "alignItems": "center",
          "backgroundColor": "transparent",
          "borderBottomColor": "#feae19",
          "borderBottomWidth": 4.166666666666667,
          "borderColor": "transparent",
          "borderLeftWidth": 2.0833333333333335,
          "borderRightWidth": 2.0833333333333335,
          "borderStyle": "solid",
          "justifyContent": "center",
          "left": 0,
          "position": "absolute",
          "textAlign": "center",
          "textAlignVertical": "center",
          "top": 0,
          "transform": Array [
            Object {
              "translateX": 58.958333333333336,
            },
            Object {
              "translateY": 58.958333333333336,
            },
          ],
        }
      }
    >
      <Text
        style={
          Object {
            "height": 0,
            "width": 0,
          }
        }
      >
        
      </Text>
    </View>
    <View
      onMoveShouldSetResponder={[Function]}
      onMoveShouldSetResponderCapture={[Function]}
      onResponderEnd={[Function]}
      onResponderGrant={[Function]}
      onResponderMove={[Function]}
      onResponderReject={[Function]}
      onResponderRelease={[Function]}
      onResponderStart={[Function]}
      onResponderTerminate={[Function]}
      onResponderTerminationRequest={[Function]}
      onStartShouldSetResponder={[Function]}
      onStartShouldSetResponderCapture={[Function]}
      style={
        Object {
          "alignItems": "center",
          "backgroundColor": "transparent",
          "borderBottomColor": "#feae19",
          "borderBottomWidth": 4.166666666666667,
          "borderColor": "transparent",
          "borderLeftWidth": 2.0833333333333335,
          "borderRightWidth": 2.0833333333333335,
          "borderStyle": "solid",
          "justifyContent": "center",
          "left": 0,
          "position": "absolute",
          "textAlign": "center",
          "textAlignVertical": "center",
          "top": 0,
          "transform": Array [
            Object {
              "translateX": 43.958333333333336,
            },
            Object {
              "translateY": 18.958333333333332,
            },
          ],
        }
      }
    >
      <Text
        style={
          Object {
            "height": 0,
            "width": 0,
          }
        }
      >
        
      </Text>
    </View>
    <View
      onMoveShouldSetResponder={[Function]}
      onMoveShouldSetResponderCapture={[Function]}
      onResponderEnd={[Function]}
      onResponderGrant={[Function]}
      onResponderMove={[Function]}
      onResponderReject={[Function]}
      onResponderRelease={[Function]}
      onResponderStart={[Function]}
      onResponderTerminate={[Function]}
      onResponderTerminationRequest={[Function]}
      onStartShouldSetResponder={[Function]}
      onStartShouldSetResponderCapture={[Function]}
      style={
        Object {
          "alignItems": "center",
          "backgroundColor": "transparent",
          "borderBottomColor": "#feae19",
          "borderBottomWidth": 4.166666666666667,
          "borderColor": "transparent",
          "borderLeftWidth": 2.0833333333333335,
          "borderRightWidth": 2.0833333333333335,
          "borderStyle": "solid",
          "justifyContent": "center",
          "left": 0,
          "position": "absolute",
          "textAlign": "center",
          "textAlignVertical": "center",
          "top": 0,
          "transform": Array [
            Object {
              "translateX": 18.958333333333332,
            },
            Object {
              "translateY": 43.958333333333336,
            },
          ],
        }
      }
    >
      <Text
        style={
          Object {
            "height": 0,
            "width": 0,
          }
        }
      >
        
      </Text>
    </View>
    <View
      onMoveShouldSetResponder={[Function]}
      onMoveShouldSetResponderCapture={[Function]}
      onResponderEnd={[Function]}
      onResponderGrant={[Function]}
      onResponderMove={[Function]}
      onResponderReject={[Function]}
      onResponderRelease={[Function]}
      onResponderStart={[Function]}
      onResponderTerminate={[Function]}
      onResponderTerminationRequest={[Function]}
      onStartShouldSetResponder={[Function]}
      onStartShouldSetResponderCapture={[Function]}
      style={
        Object {
          "alignItems": "center",
          "backgroundColor": "transparent",
          "borderBottomColor": "#feae19",
          "borderBottomWidth": 4.166666666666667,
          "borderColor": "transparent",
          "borderLeftWidth": 2.0833333333333335,
          "borderRightWidth": 2.0833333333333335,
          "borderStyle": "solid",
          "justifyContent": "center",
          "left": 0,
          "position": "absolute",
          "textAlign": "center",
          "textAlignVertical": "center",
          "top": 0,
          "transform": Array [
            Object {
              "translateX": 43.958333333333336,
            },
            Object {
              "translateY": 68.95833333333333,
            },
          ],
        }
      }
    >
      <Text
        style={
          Object {
            "height": 0,
            "width": 0,
          }
        }
      >
        
      </Text>
    </View>
    <View
      onMoveShouldSetResponder={[Function]}
      onMoveShouldSetResponderCapture={[Function]}
      onResponderEnd={[Function]}
      onResponderGrant={[Function]}
      onResponderMove={[Function]}
      onResponderReject={[Function]}
      onResponderRelease={[Function]}
      onResponderStart={[Function]}
      onResponderTerminate={[Function]}
      onResponderTerminationRequest={[Function]}
      onStartShouldSetResponder={[Function]}
      onStartShouldSetResponderCapture={[Function]}
      style={
        Object {
          "alignItems": "center",
          "backgroundColor": "transparent",
          "borderBottomColor": "#feae19",
          "borderBottomWidth": 4.166666666666667,
          "borderColor": "transparent",
          "borderLeftWidth": 2.0833333333333335,
          "borderRightWidth": 2.0833333333333335,
          "borderStyle": "solid",
          "justifyContent": "center",
          "left": 0,
          "position": "absolute",
          "textAlign": "center",
          "textAlignVertical": "center",
          "top": 0,
          "transform": Array [
            Object {
              "translateX": 68.95833333333333,
            },
            Object {
              "translateY": 43.958333333333336,
            },
          ],
        }
      }
    >
      <Text
        style={
          Object {
            "height": 0,
            "width": 0,
          }
        }
      >
        
      </Text>
    </View>
    <View
      onMoveShouldSetResponder={[Function]}
      onMoveShouldSetResponderCapture={[Function]}
      onResponderEnd={[Function]}
      onResponderGrant={[Function]}
      onResponderMove={[Function]}
      onResponderReject={[Function]}
      onResponderRelease={[Function]}
      onResponderStart={[Function]}
      onResponderTerminate={[Function]}
      onResponderTerminationRequest={[Function]}
      onStartShouldSetResponder={[Function]}
      onStartShouldSetResponderCapture={[Function]}
      style={
        Object {
          "alignItems": "center",
          "backgroundColor": "#2a9e91",
          "borderRadius": 8.333333333333334,
          "height": 8.333333333333334,
          "justifyContent": "center",
          "left": 0,
          "position": "absolute",
          "textAlign": "center",
          "textAlignVertical": "center",
          "top": 0,
          "transform": Array [
            Object {
              "translateX": 25.833333333333332,
            },
            Object {
              "translateY": 25.833333333333332,
            },
          ],
          "width": 8.333333333333334,
        }
      }
    >
      <Text
        style={
          Object {
            "color": "#fff",
            "fontWeight": "bold",
          }
        }
      >
        1
      </Text>
    </View>
    <View
      onMoveShouldSetResponder={[Function]}
      onMoveShouldSetResponderCapture={[Function]}
      onResponderEnd={[Function]}
      onResponderGrant={[Function]}
      onResponderMove={[Function]}
      onResponderReject={[Function]}
      onResponderRelease={[Function]}
      onResponderStart={[Function]}
      onResponderTerminate={[Function]}
      onResponderTerminationRequest={[Function]}
      onStartShouldSetResponder={[Function]}
      onStartShouldSetResponderCapture={[Function]}
      style={
        Object {
          "alignItems": "center",
          "backgroundColor": "#2a9e91",
          "borderRadius": 8.333333333333334,
          "height": 8.333333333333334,
          "justifyContent": "center",
          "left": 0,
          "position": "absolute",
          "textAlign": "center",
          "textAlignVertical": "center",
          "top": 0,
          "transform": Array [
            Object {
              "translateX": 11.833333333333332,
            },
            Object {
              "translateY": 25.833333333333332,
            },
          ],
          "width": 8.333333333333334,
        }
      }
    >
      <Text
        style={
          Object {
            "color": "#fff",
            "fontWeight": "bold",
          }
        }
      >
        2
      </Text>
    </View>
    <View
      onMoveShouldSetResponder={[Function]}
      onMoveShouldSetResponderCapture={[Function]}
      onResponderEnd={[Function]}
      onResponderGrant={[Function]}
      onResponderMove={[Function]}
      onResponderReject={[Function]}
      onResponderRelease={[Function]}
      onResponderStart={[Function]}
      onResponderTerminate={[Function]}
      onResponderTerminationRequest={[Function]}
      onStartShouldSetResponder={[Function]}
      onStartShouldSetResponderCapture={[Function]}
      style={
        Object {
          "alignItems": "center",
          "backgroundColor": "#2a9e91",
          "borderRadius": 8.333333333333334,
          "height": 8.333333333333334,
          "justifyContent": "center",
          "left": 0,
          "position": "absolute",
          "textAlign": "center",
          "textAlignVertical": "center",
          "top": 0,
          "transform": Array [
            Object {
              "translateX": 55.833333333333336,
            },
            Object {
              "translateY": 25.833333333333332,
            },
          ],
          "width": 8.333333333333334,
        }
      }
    >
      <Text
        style={
          Object {
            "color": "#fff",
            "fontWeight": "bold",
          }
        }
      >
        3
      </Text>
    </View>
    <View
      onMoveShouldSetResponder={[Function]}
      onMoveShouldSetResponderCapture={[Function]}
      onResponderEnd={[Function]}
      onResponderGrant={[Function]}
      onResponderMove={[Function]}
      onResponderReject={[Function]}
      onResponderRelease={[Function]}
      onResponderStart={[Function]}
      onResponderTerminate={[Function]}
      onResponderTerminationRequest={[Function]}
      onStartShouldSetResponder={[Function]}
      onStartShouldSetResponderCapture={[Function]}
      style={
        Object {
          "alignItems": "center",
          "backgroundColor": "#2a9e91",
          "borderRadius": 8.333333333333334,
          "height": 8.333333333333334,
          "justifyContent": "center",
          "left": 0,
          "position": "absolute",
          "textAlign": "center",
          "textAlignVertical": "center",
          "top": 0,
          "transform": Array [
            Object {
              "translateX": 55.833333333333336,
            },
            Object {
              "translateY": 55.833333333333336,
            },
          ],
          "width": 8.333333333333334,
        }
      }
    >
      <Text
        style={
          Object {
            "color": "#fff",
            "fontWeight": "bold",
          }
        }
      >
        4
      </Text>
    </View>
    <View
      onMoveShouldSetResponder={[Function]}
      onMoveShouldSetResponderCapture={[Function]}
      onResponderEnd={[Function]}
      onResponderGrant={[Function]}
      onResponderMove={[Function]}
      onResponderReject={[Function]}
      onResponderRelease={[Function]}
      onResponderStart={[Function]}
      onResponderTerminate={[Function]}
      onResponderTerminationRequest={[Function]}
      onStartShouldSetResponder={[Function]}
      onStartShouldSetResponderCapture={[Function]}
      style={
        Object {
          "alignItems": "center",
          "backgroundColor": "#2a9e91",
          "borderRadius": 8.333333333333334,
          "height": 8.333333333333334,
          "justifyContent": "center",
          "left": 0,
          "position": "absolute",
          "textAlign": "center",
          "textAlignVertical": "center",
          "top": 0,
          "transform": Array [
            Object {
              "translateX": 25.833333333333332,
            },
            Object {
              "translateY": 55.833333333333336,
            },
          ],
          "width": 8.333333333333334,
        }
      }
    >
      <Text
        style={
          Object {
            "color": "#fff",
            "fontWeight": "bold",
          }
        }
      >
        5
      </Text>
    </View>
    <View
      onMoveShouldSetResponder={[Function]}
      onMoveShouldSetResponderCapture={[Function]}
      onResponderEnd={[Function]}
      onResponderGrant={[Function]}
      onResponderMove={[Function]}
      onResponderReject={[Function]}
      onResponderRelease={[Function]}
      onResponderStart={[Function]}
      onResponderTerminate={[Function]}
      onResponderTerminationRequest={[Function]}
      onStartShouldSetResponder={[Function]}
      onStartShouldSetResponderCapture={[Function]}
      style={
        Object {
          "alignItems": "center",
          "backgroundColor": "white",
          "borderColor": "black",
          "borderRadius": 5.555555555555556,
          "borderWidth": 0.5555555555555556,
          "height": 5.555555555555556,
          "justifyContent": "center",
          "left": 0,
          "position": "absolute",
          "textAlign": "center",
          "textAlignVertical": "center",
          "top": 0,
          "transform": Array [
            Object {
              "translateX": 33.22222222222222,
            },
            Object {
              "translateY": 33.22222222222222,
            },
          ],
          "width": 5.555555555555556,
        }
      }
    >
      <Text
        style={
          Object {
            "color": "#f1f1f1",
            "fontWeight": "bold",
          }
        }
      >
        
      </Text>
    </View>
  </View>
  <View>
    <View
      style={
        Object {
          "flexDirection": "row",
          "padding": 10,
        }
      }
    >
      <View
        style={
          Object {
            "flex": 1,
          }
        }
      >
        <View
          style={
            Array [
              Object {
                "backgroundColor": "gray",
                "height": 4,
                "position": "absolute",
                "top": 5.5,
              },
              Object {
                "height": 10,
                "top": 12.5,
              },
              Object {
                "width": 54.166666666666664,
              },
            ]
          }
        />
        <View
          style={
            Object {
              "backgroundColor": "black",
              "height": 10,
              "position": "absolute",
              "top": 12.5,
              "width": 0,
            }
          }
        />
        <View
          left={0}
          style={
            Object {
              "backgroundColor": "white",
              "height": "100%",
              "position": "absolute",
              "width": 7.5,
            }
          }
        />
        <View
          left={10.833333333333334}
          style={
            Object {
              "backgroundColor": "white",
              "height": "100%",
              "position": "absolute",
              "width": 7.5,
            }
          }
        />
        <View
          left={21.666666666666668}
          style={
            Object {
              "backgroundColor": "white",
              "height": "100%",
              "position": "absolute",
              "width": 7.5,
            }
          }
        />
        <View
          left={32.5}
          style={
            Object {
              "backgroundColor": "white",
              "height": "100%",
              "position": "absolute",
              "width": 7.5,
            }
          }
        />
        <View
          left={43.333333333333336}
          style={
            Object {
              "backgroundColor": "white",
              "height": "100%",
              "position": "absolute",
              "width": 7.5,
            }
          }
        />
        <View
          left={54.16666666666667}
          style={
            Object {
              "backgroundColor": "white",
              "height": "100%",
              "position": "absolute",
              "width": 7.5,
            }
          }
        />
        <View
          accessible={true}
          focusable={true}
          onClick={[Function]}
          onResponderGrant={[Function]}
          onResponderMove={[Function]}
          onResponderRelease={[Function]}
          onResponderTerminate={[Function]}
          onResponderTerminationRequest={[Function]}
          onStartShouldSetResponder={[Function]}
          style={
            Object {
              "height": "100%",
              "left": 0,
              "opacity": 1,
              "position": "absolute",
              "width": 0,
            }
          }
        />
        <View
          accessible={true}
          focusable={true}
          onClick={[Function]}
          onResponderGrant={[Function]}
          onResponderMove={[Function]}
          onResponderRelease={[Function]}
          onResponderTerminate={[Function]}
          onResponderTerminationRequest={[Function]}
          onStartShouldSetResponder={[Function]}
          style={
            Object {
              "height": "100%",
              "left": 0,
              "opacity": 1,
              "position": "absolute",
              "width": 10.833333333333334,
            }
          }
        />
        <View
          accessible={true}
          focusable={true}
          onClick={[Function]}
          onResponderGrant={[Function]}
          onResponderMove={[Function]}
          onResponderRelease={[Function]}
          onResponderTerminate={[Function]}
          onResponderTerminationRequest={[Function]}
          onStartShouldSetResponder={[Function]}
          style={
            Object {
              "height": "100%",
              "left": 10.833333333333334,
              "opacity": 1,
              "position": "absolute",
              "width": 10.833333333333334,
            }
          }
        />
        <View
          accessible={true}
          focusable={true}
          onClick={[Function]}
          onResponderGrant={[Function]}
          onResponderMove={[Function]}
          onResponderRelease={[Function]}
          onResponderTerminate={[Function]}
          onResponderTerminationRequest={[Function]}
          onStartShouldSetResponder={[Function]}
          style={
            Object {
              "height": "100%",
              "left": 21.666666666666664,
              "opacity": 1,
              "position": "absolute",
              "width": 10.833333333333334,
            }
          }
        />
        <View
          accessible={true}
          focusable={true}
          onClick={[Function]}
          onResponderGrant={[Function]}
          onResponderMove={[Function]}
          onResponderRelease={[Function]}
          onResponderTerminate={[Function]}
          onResponderTerminationRequest={[Function]}
          onStartShouldSetResponder={[Function]}
          style={
            Object {
              "height": "100%",
              "left": 32.5,
              "opacity": 1,
              "position": "absolute",
              "width": 10.833333333333334,
            }
          }
        />
        <View
          accessible={true}
          focusable={true}
          onClick={[Function]}
          onResponderGrant={[Function]}
          onResponderMove={[Function]}
          onResponderRelease={[Function]}
          onResponderTerminate={[Function]}
          onResponderTerminationRequest={[Function]}
          onStartShouldSetResponder={[Function]}
          style={
            Object {
              "height": "100%",
              "left": 43.333333333333336,
              "opacity": 1,
              "position": "absolute",
              "width": 10.833333333333334,
            }
          }
        />
      </View>
      <View
        style={
          Object {
            "alignItems": "center",
            "flexDirection": "row",
            "justifyContent": "space-evenly",
            "paddingHorizontal": 10,
          }
        }
      >
        <View
          accessible={true}
          focusable={true}
          onClick={[Function]}
          onResponderGrant={[Function]}
          onResponderMove={[Function]}
          onResponderRelease={[Function]}
          onResponderTerminate={[Function]}
          onResponderTerminationRequest={[Function]}
          onStartShouldSetResponder={[Function]}
          style={
            Object {
              "opacity": 1,
            }
          }
        >
          <Text />
        </View>
      </View>
    </View>
  </View>
</View>
`;
