// Jest Snapshot v1, https://goo.gl/fbAQLP

exports[`<Button /> renders correctly 1`] = `
<View
  accessible={true}
  focusable={false}
  isTVSelectable={true}
  onClick={[Function]}
  onResponderGrant={[Function]}
  onResponderMove={[Function]}
  onResponderRelease={[Function]}
  onResponderTerminate={[Function]}
  onResponderTerminationRequest={[Function]}
  onStartShouldSetResponder={[Function]}
  style={
    Object {
      "backgroundColor": "#232b2b",
      "borderRadius": 30,
      "height": 40,
      "left": "10%",
      "opacity": 1,
      "padding": 10,
      "right": "10%",
      "width": "80%",
    }
  }
  testID="button"
>
  <Text
    style={
      Object {
        "color": "#fff",
        "fontSize": 16,
        "textAlign": "center",
      }
    }
  >
    OK
  </Text>
</View>
`;
