// Jest Snapshot v1, https://goo.gl/fbAQLP

exports[`<GradientButton /> renders correctly 1`] = `
<View
  accessible={true}
  focusable={false}
  isTVSelectable={true}
  onClick={[Function]}
  onResponderGrant={[Function]}
  onResponderMove={[Function]}
  onResponderRelease={[Function]}
  onResponderTerminate={[Function]}
  onResponderTerminationRequest={[Function]}
  onStartShouldSetResponder={[Function]}
  style={
    Object {
      "alignItems": "center",
      "borderRadius": 50,
      "height": 100,
      "justifyContent": "center",
      "margin": 20,
      "opacity": 1,
      "width": 100,
    }
  }
  testID="gradientButton"
>
  <ViewManagerAdapter_ExpoLinearGradient
    proxiedProperties={
      Object {
        "colors": Array [
          4278759146,
          4281005464,
        ],
        "endPoint": Array [
          0,
          0,
        ],
        "locations": undefined,
        "startPoint": Array [
          1,
          1,
        ],
      }
    }
    style={
      Object {
        "alignItems": "center",
        "borderRadius": 50,
        "height": 100,
        "justifyContent": "center",
        "width": 100,
      }
    }
  >
    <Text
      style={
        Object {
          "fontSize": 16,
          "fontWeight": "bold",
        }
      }
    >
      OK
    </Text>
  </ViewManagerAdapter_ExpoLinearGradient>
</View>
`;
