// Jest Snapshot v1, https://goo.gl/fbAQLP

exports[`<MinimalDrill /> renders correctly 1`] = `
<View
  style={
    Object {
      "flex": 3,
    }
  }
>
  <View
    onMoveShouldSetResponder={[Function]}
    onMoveShouldSetResponderCapture={[Function]}
    onResponderEnd={[Function]}
    onResponderGrant={[Function]}
    onResponderMove={[Function]}
    onResponderReject={[Function]}
    onResponderRelease={[Function]}
    onResponderStart={[Function]}
    onResponderTerminate={[Function]}
    onResponderTerminationRequest={[Function]}
    onStartShouldSetResponder={[Function]}
    onStartShouldSetResponderCapture={[Function]}
    onSwipeLeft={[Function]}
    style={
      Object {
        "flex": 1,
      }
    }
  >
    <View
      style={
        Object {
          "height": 250,
        }
      }
    >
      <View
        style={
          Array [
            Object {
              "flex": 1,
              "overflow": "hidden",
            },
            undefined,
          ]
        }
      >
        <RNCWebView
          cacheEnabled={true}
          javaScriptEnabled={true}
          messagingEnabled={false}
          onContentProcessDidTerminate={[Function]}
          onHttpError={[Function]}
          onLoadingError={[Function]}
          onLoadingFinish={[Function]}
          onLoadingProgress={[Function]}
          onLoadingStart={[Function]}
          onMessage={[Function]}
          onShouldStartLoadWithRequest={[Function]}
          source={
            Object {
              "uri": "https://www.youtube.com/embed/JkVHrA5o23o",
            }
          }
          style={
            Array [
              Object {
                "flex": 1,
                "overflow": "hidden",
              },
              Object {
                "backgroundColor": "#ffffff",
              },
              undefined,
            ]
          }
          useSharedProcessPool={true}
        />
      </View>
    </View>
  </View>
</View>
`;
