// Jest Snapshot v1, https://goo.gl/fbAQLP

exports[`<BackgroundPicker /> renders correctly 1`] = `
<View
  style={
    Object {
      "height": 80,
      "width": 120,
    }
  }
>
  <RNCPicker
    items={
      Array [
        Object {
          "label": "Rectangle",
          "textColor": undefined,
          "value": "rectangle",
        },
        Object {
          "label": "Endzone",
          "textColor": undefined,
          "value": "endzone",
        },
        Object {
          "label": "3/4 field",
          "textColor": undefined,
          "value": "three quarters field",
        },
        Object {
          "label": "Empty",
          "textColor": undefined,
          "value": "empty",
        },
      ]
    }
    onChange={[Function]}
    selectedIndex={1}
    style={
      Array [
        Object {
          "height": 216,
        },
        Object {
          "fontSize": 14,
          "height": 80,
        },
      ]
    }
  />
</View>
`;
