// Jest Snapshot v1, https://goo.gl/fbAQLP

exports[`<PlayTitle /> renders correctly 1`] = `
<View
  style={
    Object {
      "flex": 1,
      "flexDirection": "row",
    }
  }
>
  <View
    accessible={true}
    focusable={true}
    onClick={[Function]}
    onResponderGrant={[Function]}
    onResponderMove={[Function]}
    onResponderRelease={[Function]}
    onResponderTerminate={[Function]}
    onResponderTerminationRequest={[Function]}
    onStartShouldSetResponder={[Function]}
    style={
      Object {
        "flexGrow": 1,
        "flexShrink": 1,
        "height": 60,
        "justifyContent": "center",
        "opacity": 1,
        "padding": 10,
        "paddingLeft": 20,
      }
    }
  >
    <Text
      style={
        Object {
          "fontSize": 16,
          "fontWeight": "bold",
        }
      }
    >
      Square
    </Text>
  </View>
  <View
    accessible={true}
    focusable={true}
    onClick={[Function]}
    onResponderGrant={[Function]}
    onResponderMove={[Function]}
    onResponderRelease={[Function]}
    onResponderTerminate={[Function]}
    onResponderTerminationRequest={[Function]}
    onStartShouldSetResponder={[Function]}
    style={
      Object {
        "alignItems": "center",
        "height": "100%",
        "justifyContent": "center",
        "opacity": 1,
        "padding": 10,
      }
    }
    testID="edit"
  >
    <Text />
  </View>
  <View
    accessible={true}
    focusable={true}
    onClick={[Function]}
    onResponderGrant={[Function]}
    onResponderMove={[Function]}
    onResponderRelease={[Function]}
    onResponderTerminate={[Function]}
    onResponderTerminationRequest={[Function]}
    onStartShouldSetResponder={[Function]}
    style={
      Object {
        "alignItems": "center",
        "height": "100%",
        "justifyContent": "center",
        "opacity": 1,
        "padding": 10,
      }
    }
    testID="delete"
  >
    <Text />
  </View>
</View>
`;
